// Jest Snapshot v1, https://goo.gl/fbAQLP

exports[`should render edit expense page correctly 1`] = `
ShallowWrapper {
  Symbol(enzyme.__root__): [Circular],
  Symbol(enzyme.__unrendered__): <EditExpensePage
    expense={
      Object {
        "amount": 197000,
        "createdAt": -345600000,
        "description": "rent",
        "id": "2",
        "note": "",
      }
    }
    history={
      Object {
        "push": [MockFunction],
      }
    }
    onClick={[MockFunction]}
    onSubmit={[MockFunction]}
  />,
  Symbol(enzyme.__renderer__): Object {
    "batchedUpdates": [Function],
    "getNode": [Function],
    "render": [Function],
    "simulateError": [Function],
    "simulateEvent": [Function],
    "unmount": [Function],
  },
  Symbol(enzyme.__node__): Object {
    "instance": null,
    "key": undefined,
    "nodeType": "host",
    "props": Object {
      "children": Array [
        <ExpenseForm
          expense={
            Object {
              "amount": 197000,
              "createdAt": -345600000,
              "description": "rent",
              "id": "2",
              "note": "",
            }
          }
          onSubmit={[Function]}
        />,
        <button
          onClick={[Function]}
        >
          Remove item
        </button>,
      ],
    },
    "ref": null,
    "rendered": Array [
      Object {
        "instance": null,
        "key": undefined,
        "nodeType": "class",
        "props": Object {
          "expense": Object {
            "amount": 197000,
            "createdAt": -345600000,
            "description": "rent",
            "id": "2",
            "note": "",
          },
          "onSubmit": [Function],
        },
        "ref": null,
        "rendered": null,
        "type": [Function],
      },
      Object {
        "instance": null,
        "key": undefined,
        "nodeType": "host",
        "props": Object {
          "children": "Remove item",
          "onClick": [Function],
        },
        "ref": null,
        "rendered": "Remove item",
        "type": "button",
      },
    ],
    "type": "div",
  },
  Symbol(enzyme.__nodes__): Array [
    Object {
      "instance": null,
      "key": undefined,
      "nodeType": "host",
      "props": Object {
        "children": Array [
          <ExpenseForm
            expense={
              Object {
                "amount": 197000,
                "createdAt": -345600000,
                "description": "rent",
                "id": "2",
                "note": "",
              }
            }
            onSubmit={[Function]}
          />,
          <button
            onClick={[Function]}
          >
            Remove item
          </button>,
        ],
      },
      "ref": null,
      "rendered": Array [
        Object {
          "instance": null,
          "key": undefined,
          "nodeType": "class",
          "props": Object {
            "expense": Object {
              "amount": 197000,
              "createdAt": -345600000,
              "description": "rent",
              "id": "2",
              "note": "",
            },
            "onSubmit": [Function],
          },
          "ref": null,
          "rendered": null,
          "type": [Function],
        },
        Object {
          "instance": null,
          "key": undefined,
          "nodeType": "host",
          "props": Object {
            "children": "Remove item",
            "onClick": [Function],
          },
          "ref": null,
          "rendered": "Remove item",
          "type": "button",
        },
      ],
      "type": "div",
    },
  ],
  Symbol(enzyme.__options__): Object {
    "adapter": ReactSixteenAdapter {
      "options": Object {
        "enableComponentDidUpdateOnSetState": true,
        "lifecycles": Object {
          "componentDidUpdate": Object {
            "onSetState": true,
          },
          "getDerivedStateFromProps": true,
          "getSnapshotBeforeUpdate": true,
          "setState": Object {
            "skipsComponentDidUpdateOnNullish": true,
          },
        },
      },
    },
    "attachTo": undefined,
    "hydrateIn": undefined,
  },
}
`;
