// Jest Snapshot v1, https://goo.gl/fbAQLP

exports[`should render Header correctly 1`] = `
ShallowWrapper {
  Symbol(enzyme.__root__): [Circular],
  Symbol(enzyme.__unrendered__): <Header />,
  Symbol(enzyme.__renderer__): Object {
    "batchedUpdates": [Function],
    "getNode": [Function],
    "render": [Function],
    "simulateError": [Function],
    "simulateEvent": [Function],
    "unmount": [Function],
  },
  Symbol(enzyme.__node__): Object {
    "instance": null,
    "key": undefined,
    "nodeType": "host",
    "props": Object {
      "children": Array [
        <h1>
          Expensify
        </h1>,
        <ul>
          <li>
            <NavLink
              activeClassName="isActive"
              aria-current="page"
              exact={true}
              to="/"
            >
              Home
            </NavLink>
          </li>
          <li>
            <NavLink
              activeClassName="isActive"
              aria-current="page"
              to="/create"
            >
              Add
            </NavLink>
          </li>
          <li>
            <NavLink
              activeClassName="isActive"
              aria-current="page"
              to="/help"
            >
              Help
            </NavLink>
          </li>
        </ul>,
      ],
    },
    "ref": null,
    "rendered": Array [
      Object {
        "instance": null,
        "key": undefined,
        "nodeType": "host",
        "props": Object {
          "children": "Expensify",
        },
        "ref": null,
        "rendered": "Expensify",
        "type": "h1",
      },
      Object {
        "instance": null,
        "key": undefined,
        "nodeType": "host",
        "props": Object {
          "children": Array [
            <li>
              <NavLink
                activeClassName="isActive"
                aria-current="page"
                exact={true}
                to="/"
              >
                Home
              </NavLink>
            </li>,
            <li>
              <NavLink
                activeClassName="isActive"
                aria-current="page"
                to="/create"
              >
                Add
              </NavLink>
            </li>,
            <li>
              <NavLink
                activeClassName="isActive"
                aria-current="page"
                to="/help"
              >
                Help
              </NavLink>
            </li>,
          ],
        },
        "ref": null,
        "rendered": Array [
          Object {
            "instance": null,
            "key": undefined,
            "nodeType": "host",
            "props": Object {
              "children": <NavLink
                activeClassName="isActive"
                aria-current="page"
                exact={true}
                to="/"
              >
                Home
              </NavLink>,
            },
            "ref": null,
            "rendered": Object {
              "instance": null,
              "key": undefined,
              "nodeType": "function",
              "props": Object {
                "activeClassName": "isActive",
                "aria-current": "page",
                "children": "Home",
                "exact": true,
                "to": "/",
              },
              "ref": null,
              "rendered": "Home",
              "type": [Function],
            },
            "type": "li",
          },
          Object {
            "instance": null,
            "key": undefined,
            "nodeType": "host",
            "props": Object {
              "children": <NavLink
                activeClassName="isActive"
                aria-current="page"
                to="/create"
              >
                Add
              </NavLink>,
            },
            "ref": null,
            "rendered": Object {
              "instance": null,
              "key": undefined,
              "nodeType": "function",
              "props": Object {
                "activeClassName": "isActive",
                "aria-current": "page",
                "children": "Add",
                "to": "/create",
              },
              "ref": null,
              "rendered": "Add",
              "type": [Function],
            },
            "type": "li",
          },
          Object {
            "instance": null,
            "key": undefined,
            "nodeType": "host",
            "props": Object {
              "children": <NavLink
                activeClassName="isActive"
                aria-current="page"
                to="/help"
              >
                Help
              </NavLink>,
            },
            "ref": null,
            "rendered": Object {
              "instance": null,
              "key": undefined,
              "nodeType": "function",
              "props": Object {
                "activeClassName": "isActive",
                "aria-current": "page",
                "children": "Help",
                "to": "/help",
              },
              "ref": null,
              "rendered": "Help",
              "type": [Function],
            },
            "type": "li",
          },
        ],
        "type": "ul",
      },
    ],
    "type": "header",
  },
  Symbol(enzyme.__nodes__): Array [
    Object {
      "instance": null,
      "key": undefined,
      "nodeType": "host",
      "props": Object {
        "children": Array [
          <h1>
            Expensify
          </h1>,
          <ul>
            <li>
              <NavLink
                activeClassName="isActive"
                aria-current="page"
                exact={true}
                to="/"
              >
                Home
              </NavLink>
            </li>
            <li>
              <NavLink
                activeClassName="isActive"
                aria-current="page"
                to="/create"
              >
                Add
              </NavLink>
            </li>
            <li>
              <NavLink
                activeClassName="isActive"
                aria-current="page"
                to="/help"
              >
                Help
              </NavLink>
            </li>
          </ul>,
        ],
      },
      "ref": null,
      "rendered": Array [
        Object {
          "instance": null,
          "key": undefined,
          "nodeType": "host",
          "props": Object {
            "children": "Expensify",
          },
          "ref": null,
          "rendered": "Expensify",
          "type": "h1",
        },
        Object {
          "instance": null,
          "key": undefined,
          "nodeType": "host",
          "props": Object {
            "children": Array [
              <li>
                <NavLink
                  activeClassName="isActive"
                  aria-current="page"
                  exact={true}
                  to="/"
                >
                  Home
                </NavLink>
              </li>,
              <li>
                <NavLink
                  activeClassName="isActive"
                  aria-current="page"
                  to="/create"
                >
                  Add
                </NavLink>
              </li>,
              <li>
                <NavLink
                  activeClassName="isActive"
                  aria-current="page"
                  to="/help"
                >
                  Help
                </NavLink>
              </li>,
            ],
          },
          "ref": null,
          "rendered": Array [
            Object {
              "instance": null,
              "key": undefined,
              "nodeType": "host",
              "props": Object {
                "children": <NavLink
                  activeClassName="isActive"
                  aria-current="page"
                  exact={true}
                  to="/"
                >
                  Home
                </NavLink>,
              },
              "ref": null,
              "rendered": Object {
                "instance": null,
                "key": undefined,
                "nodeType": "function",
                "props": Object {
                  "activeClassName": "isActive",
                  "aria-current": "page",
                  "children": "Home",
                  "exact": true,
                  "to": "/",
                },
                "ref": null,
                "rendered": "Home",
                "type": [Function],
              },
              "type": "li",
            },
            Object {
              "instance": null,
              "key": undefined,
              "nodeType": "host",
              "props": Object {
                "children": <NavLink
                  activeClassName="isActive"
                  aria-current="page"
                  to="/create"
                >
                  Add
                </NavLink>,
              },
              "ref": null,
              "rendered": Object {
                "instance": null,
                "key": undefined,
                "nodeType": "function",
                "props": Object {
                  "activeClassName": "isActive",
                  "aria-current": "page",
                  "children": "Add",
                  "to": "/create",
                },
                "ref": null,
                "rendered": "Add",
                "type": [Function],
              },
              "type": "li",
            },
            Object {
              "instance": null,
              "key": undefined,
              "nodeType": "host",
              "props": Object {
                "children": <NavLink
                  activeClassName="isActive"
                  aria-current="page"
                  to="/help"
                >
                  Help
                </NavLink>,
              },
              "ref": null,
              "rendered": Object {
                "instance": null,
                "key": undefined,
                "nodeType": "function",
                "props": Object {
                  "activeClassName": "isActive",
                  "aria-current": "page",
                  "children": "Help",
                  "to": "/help",
                },
                "ref": null,
                "rendered": "Help",
                "type": [Function],
              },
              "type": "li",
            },
          ],
          "type": "ul",
        },
      ],
      "type": "header",
    },
  ],
  Symbol(enzyme.__options__): Object {
    "adapter": ReactSixteenAdapter {
      "options": Object {
        "enableComponentDidUpdateOnSetState": true,
        "lifecycles": Object {
          "componentDidUpdate": Object {
            "onSetState": true,
          },
          "getDerivedStateFromProps": true,
          "getSnapshotBeforeUpdate": true,
          "setState": Object {
            "skipsComponentDidUpdateOnNullish": true,
          },
        },
      },
    },
    "attachTo": undefined,
    "hydrateIn": undefined,
  },
}
`;
